[direct-air.themewoop.com/index.html]
[direct-air.themewoop.com/xmlrpc.php]
[backblue.gif]
[fade.gif]
[index.html]
[direct-air.themewoop.com/wp-content/plugins/paid-memberships-pro/css/frontend3a7d.css]
[direct-air.themewoop.com/comments/feed/index.html]
[direct-air.themewoop.com/wp-content/plugins/paid-memberships-pro/css/print3a7d.css]
[direct-air.themewoop.com/feed/index.html]
[direct-air.themewoop.com/direct-home/feed/index.html]
[direct-air.themewoop.com/wp-content/themes/direct/style4189.css]
[direct-air.themewoop.com/wp-content/themes/direct/css/bootstrap4189.css]
[direct-air.themewoop.com/wp-content/themes/direct/css/font-awesome4189.css]
[direct-air.themewoop.com/wp-content/themes/direct/css/fancySelect4189.css]
[direct-air.themewoop.com/wp-content/themes/direct/css/map-icons4189.css]
[direct-air.themewoop.com/wp-content/themes/direct/css/owl.carousel4189.css]
[direct-air.themewoop.com/wp-content/themes/direct/css/owl.theme4189.css]
[direct-air.themewoop.com/wp-content/themes/direct/css/animate4189.css]
[direct-air.themewoop.com/wp-content/themes/direct/css/perfect-scrollbar4189.css]
[direct-air.themewoop.com/wp-content/themes/direct/css/nprogress4189.css]
[direct-air.themewoop.com/wp-content/themes/direct/css/bootstrap-switch4189.css]
[direct-air.themewoop.com/wp-content/themes/direct/css/main4189.css]
[direct-air.themewoop.com/wp-content/themes/direct/css/skin-24189.css]
[direct-air.themewoop.com/wp-includes/js/jquery/jquery4a80.js]
[direct-air.themewoop.com/wp-includes/js/jquery/jquery-migrate.min1576.js]
[direct-air.themewoop.com/wp-content/plugins/paid-memberships-pro/js/paid-memberships-pro4189.js]
[direct-air.themewoop.com/wp-content/themes/direct/js/direct-ajax4189.js]
[direct-air.themewoop.com/wp-content/themes/direct/js/global4189.js]
[direct-air.themewoop.com/wp-content/themes/direct/js/vendor/modernizr-2.8.3-respond-1.4.2.minf7ff.js]
[direct-air.themewoop.com/wp-content/themes/direct/js/vendor/bootstrap4189.js]
[direct-air.themewoop.com/xmlrpc0db0.php]
[direct-air.themewoop.com/wp-includes/wlwmanifest.xml]
[direct-air.themewoop.com/wp-content/uploads/2015/04/logo-air.png]
[direct.themewoop.com/wp-content/uploads/2015/04/3886612553_c5834de160_o.jpg]
[direct-air.themewoop.com/directory-category/cinema/index.html]
[direct-air.themewoop.com/directory-category/coffee-lounge/index.html]
[direct-air.themewoop.com/directory-category/entertaiment/index.html]
[direct.themewoop.com/wp-content/uploads/2015/04/10476928696_da99731e63_o.jpg]
[direct-air.themewoop.com/directory-category/stadium/index.html]
[direct-air.themewoop.com/directory-category/foodies/index.html]
[direct-air.themewoop.com/wp-content/uploads/2015/03/full_guoman_lounge._18579-263x180.jpg]
[direct-air.themewoop.com/directory-category/restaurant/index.html]
[direct-air.themewoop.com/directory-category/bar/index.html]
[direct-air.themewoop.com/wp-content/uploads/2015/03/2-ststephenstavern-9-263x180.jpg]
[direct-air.themewoop.com/directory/cellarium-cafe/index.html]
[direct-air.themewoop.com/wp-content/uploads/2015/03/historic-scotland_3-263x180.jpg]
[direct-air.themewoop.com/directory/caffe-nero/index.html]
[direct-air.themewoop.com/wp-content/uploads/2015/03/8029992599_e2d67f2425_z-263x180.jpg]
[direct-air.themewoop.com/blog/index.html]
[direct-air.themewoop.com/wp-content/uploads/2015/03/3916046921_eca1902728_z-263x180.jpg]
[direct-air.themewoop.com/plan-pricing/index.html]
[direct-air.themewoop.com/wp-content/uploads/2015/03/unit_16a_-_caffe_nero-263x180.jpg]
[direct-air.themewoop.com/submit-directory/index.html]
[direct-air.themewoop.com/wp-content/uploads/2015/03/4397246022_2e12429ee2_z-263x180.jpg]
[direct-air.themewoop.com/directory/gouman-restaurant/index.html]
[direct-air.themewoop.com/directory/st-stephens-tavern-pub/index.html]
[direct-air.themewoop.com/wp-content/uploads/2015/03/SLLA-2-263x180.jpg]
[direct-air.themewoop.com/directory/dali-cafe/index.html]
[direct-air.themewoop.com/my-account.24.delayed]
[direct-air.themewoop.com/directory/tattershall-castle/index.html]
[direct-air.themewoop.com/directory/cucina-cafe-bar-restaurant/index.html]
[direct-air.themewoop.com/wp-content/uploads/2015/04/iPhone-air.png]
[direct-air.themewoop.com/directory/london-aquarium-cafe/index.html]
[direct-air.themewoop.com/cart/index9f38.html]
[direct-air.themewoop.com/wp-content/uploads/2015/03/dribbble.png]
[direct-air.themewoop.com/cart/index3e8c.html]
[direct-air.themewoop.com/wp-content/uploads/2015/03/envato.png]
[direct-air.themewoop.com/wp-content/uploads/2015/03/ki.png]
[direct-air.themewoop.com/wp-content/uploads/2015/03/wordpress.png]
[direct-air.themewoop.com/wp-content/uploads/2015/03/7411658554_a21d7c35d6_z-360x256.jpg]
[direct-air.themewoop.com/wp-content/uploads/2015/03/9857296234_79b8a792a5_b-360x256.jpg]
[direct-air.themewoop.com/2015/03/16/take-me-out-of-country/index.html]
[direct-air.themewoop.com/wp-content/uploads/2015/03/16265282862_52425507e2_k-360x256.jpg]
[direct-air.themewoop.com/2015/03/16/food-in-united-kingdom/index.html]
[direct-air.themewoop.com/blog]
[direct-air.themewoop.com/2015/03/16/london-in-our-heart/index.html]
[direct-air.themewoop.com/wp-content/uploads/2015/04/logo-footer-air.png]
[direct-air.themewoop.com/wp-content/themes/direct/js/vendor/jquery.flexslider.js]
[direct-air.themewoop.com/membership-account/index.html]
[direct-air.themewoop.com/vxeg/indexc2b6.html]
[direct-air.themewoop.com/wp-content/themes/direct/js/vendor/infobubble661b.js]
[direct-air.themewoop.com/wp-content/themes/direct/js/vendor/map-icons53cf.js]
[direct-air.themewoop.com/wp-content/themes/direct/js/map-init.js]
[direct-air.themewoop.com/wp-content/themes/direct/js/vendor/fancySelect2fca.js]
[direct-air.themewoop.com/wp-content/themes/direct/js/vendor/owl.carousel001e.js]
[direct-air.themewoop.com/wp-content/themes/direct/js/vendor/wow.js]
[direct-air.themewoop.com/wp-content/themes/direct/js/vendor/perfect-scrollbar.js]
[direct-air.themewoop.com/wp-content/themes/direct/js/vendor/bootstrap-rating-input.js]
[direct-air.themewoop.com/wp-content/themes/direct/js/vendor/masonry.pkgd.js]
[direct-air.themewoop.com/wp-content/themes/direct/js/vendor/imagesloaded.pkgd.js]
[direct-air.themewoop.com/wp-content/themes/direct/js/vendor/nprogress.js]
[direct-air.themewoop.com/wp-content/themes/direct/js/vendor/bootstrap-switch.js]
[direct-air.themewoop.com/wp-content/themes/direct/js/vendor/imagelightbox.js]
[direct-air.themewoop.com/wp-content/themes/direct/js/main8a54.js]
[direct-air.themewoop.com/wp-content/themes/direct/js/vendor/retina6f3e.js]
[direct-air.themewoop.com/wp-content/themes/direct/js/navigation11a8.js]
[direct-air.themewoop.com/wp-content/themes/direct/js/skip-link-focus-fix08e0.js]
[direct-air.themewoop.com/wp-includes/js/comment-reply.min4189.js]
[direct-air.themewoop.com/index.html]
[direct-air.themewoop.com/xmlrpc.php]
[direct-air.themewoop.com/wp-content/plugins/paid-memberships-pro/images/printer.gif]
[direct-air.themewoop.com/wp-content/plugins/paid-memberships-pro/css/frontend3a7d.css]
[direct-air.themewoop.com/wp-content/plugins/paid-memberships-pro/css/print3a7d.css]
[direct-air.themewoop.com/wp-content/themes/direct/style4189.css]
[direct-air.themewoop.com/wp-content/themes/direct/fonts/glyphicons-halflings-regular.eot]
[direct-air.themewoop.com/wp-content/themes/direct/fonts/glyphicons-halflings-regulard41d.eot]
[direct-air.themewoop.com/wp-content/themes/direct/fonts/glyphicons-halflings-regular.woff]
[direct-air.themewoop.com/wp-content/themes/direct/fonts/glyphicons-halflings-regular.ttf]
[direct-air.themewoop.com/wp-content/themes/direct/fonts/glyphicons-halflings-regular.svg]
[direct-air.themewoop.com/wp-content/themes/direct/css/bootstrap4189.css]
[direct-air.themewoop.com/wp-content/themes/direct/fonts/fontawesome-webfonte0a5.eot]
[direct-air.themewoop.com/wp-content/themes/direct/fonts/fontawesome-webfontd41d.eot]
[direct-air.themewoop.com/wp-content/themes/direct/fonts/fontawesome-webfonte0a5.woff2]
[direct-air.themewoop.com/wp-content/themes/direct/fonts/fontawesome-webfonte0a5.woff]
[direct-air.themewoop.com/wp-content/themes/direct/fonts/fontawesome-webfonte0a5.ttf]
[direct-air.themewoop.com/wp-content/themes/direct/fonts/fontawesome-webfonte0a5.svg]
[direct-air.themewoop.com/wp-content/themes/direct/css/font-awesome4189.css]
[direct-air.themewoop.com/wp-content/themes/direct/css/fancySelect4189.css]
[direct-air.themewoop.com/wp-content/themes/direct/fonts/map-icons.eot]
[direct-air.themewoop.com/wp-content/themes/direct/fonts/map-iconsd41d.eot]
[direct-air.themewoop.com/wp-content/themes/direct/fonts/map-icons.woff]
[direct-air.themewoop.com/wp-content/themes/direct/fonts/map-icons.ttf]
[direct-air.themewoop.com/wp-content/themes/direct/css/map-icons4189.css]
[direct-air.themewoop.com/wp-content/themes/direct/css/owl.carousel4189.css]
[direct-air.themewoop.com/wp-content/themes/direct/css/owl.theme4189.css]
[direct-air.themewoop.com/wp-content/themes/direct/css/animate4189.css]
[direct-air.themewoop.com/wp-content/themes/direct/css/perfect-scrollbar4189.css]
[direct-air.themewoop.com/wp-content/themes/direct/css/nprogress4189.css]
[direct-air.themewoop.com/wp-content/themes/direct/css/bootstrap-switch4189.css]
[direct-air.themewoop.com/wp-content/themes/direct/img/glow.png]
[direct-air.themewoop.com/wp-content/themes/direct/fonts/map-icons.svg]
[direct-air.themewoop.com/wp-content/themes/direct/img/pin.png]
[direct-air.themewoop.com/wp-content/themes/direct/img/handle-scroll.png]
[direct-air.themewoop.com/wp-content/themes/direct/img/bg-page.jpg]
[direct-air.themewoop.com/wp-content/themes/direct/css/main4189.css]
[direct-air.themewoop.com/wp-content/themes/direct/img/pin-2.png]
[direct-air.themewoop.com/wp-content/themes/direct/css/skin-24189.css]
[direct-air.themewoop.com/wp-includes/js/jquery/jquery4a80.js]
[direct-air.themewoop.com/wp-includes/js/jquery/jquery-migrate.min1576.js]
[direct-air.themewoop.com/wp-content/plugins/paid-memberships-pro/js/paid-memberships-pro4189.js]
[direct-air.themewoop.com/wp-content/themes/direct/js/direct-ajax4189.js]
[direct-air.themewoop.com/wp-content/themes/direct/js/global4189.js]
[direct-air.themewoop.com/GET]
[direct-air.themewoop.com/wp-content/themes/direct/js/vendor/modernizr-2.8.3-respond-1.4.2.minf7ff.js]
[direct-air.themewoop.com/Popover requires tooltip.js]
[direct-air.themewoop.com/wp-content/themes/direct/js/vendor/bootstrap4189.js]
[direct-air.themewoop.com/directory-category/cinema/index.html]
[direct-air.themewoop.com/wp-content/uploads/2015/03/Starbuck-safe-15920178-2560-1703-263x180.jpg]
[direct-air.themewoop.com/directory-category/coffee-lounge/index.html]
[direct-air.themewoop.com/directory/starbucks/index.html]
[direct-air.themewoop.com/directory-category/entertaiment/index.html]
[direct-air.themewoop.com/directory-category/stadium/index.html]
[direct-air.themewoop.com/directory-category/foodies/index.html]
[direct-air.themewoop.com/wp-content/uploads/2015/03/EOZpjI3oSqKPNnF2S4Tp_Untitled-263x180.jpg]
[direct-air.themewoop.com/directory-category/restaurant/index.html]
[direct-air.themewoop.com/directory/switchroom-cafeteria/index.html]
[direct-air.themewoop.com/directory-category/bar/index.html]
[direct-air.themewoop.com/wp-content/uploads/2015/03/historic-scotland_3-548x313.jpg]
[direct-air.themewoop.com/directory/cellarium-cafe/feed/index.html]
[www.guestful.com/widgets/responsive/js/script-loader2e5c.js]
[direct-air.themewoop.com/index6cd9.html]
[direct.themewoop.com/wp-content/uploads/2015/03/8110122610_59ee6bc199_z.jpg]
[direct-air.themewoop.com/directory-category/coffee-lounge/index64ce.html]
[direct-air.themewoop.com/wp-content/uploads/2015/03/8110122610_59ee6bc199_z-300x205.jpg]
[direct-air.themewoop.com/directory-category/coffee-lounge/index290e.html]
[direct.themewoop.com/wp-content/uploads/2015/03/15637897079_6e797f3ab6_z.jpg]
[direct-air.themewoop.com/directory-category/coffee-lounge/index7945.html]
[direct-air.themewoop.com/wp-content/uploads/2015/03/15637897079_6e797f3ab6_z-300x188.jpg]
[direct-air.themewoop.com/directory-category/coffee-lounge/index9d2f.html]
[direct-air.themewoop.com/directory-category/coffee-lounge/index0eba.html]
[direct.themewoop.com/wp-content/uploads/2015/03/15637909759_4421326c31_z.jpg]
[direct-air.themewoop.com/directory-category/coffee-lounge/indexc6b3.html]
[direct-air.themewoop.com/wp-content/uploads/2015/03/15637909759_4421326c31_z-300x188.jpg]
[direct.themewoop.com/wp-content/uploads/2015/03/15825302012_5fb39636c9_z.jpg]
[direct-air.themewoop.com/wp-content/uploads/2015/03/15825302012_5fb39636c9_z-300x200.jpg]
[direct.themewoop.com/wp-content/uploads/2015/03/15825263582_b0a06d4a18_z.jpg]
[direct-air.themewoop.com/wp-content/uploads/2015/03/15825263582_b0a06d4a18_z-300x188.jpg]
[direct.themewoop.com/wp-content/uploads/2015/03/15800085646_cb0ffcf6ce_z.jpg]
[direct-air.themewoop.com/wp-content/uploads/2015/03/15800085646_cb0ffcf6ce_z-300x188.jpg]
[direct.themewoop.com/wp-content/uploads/2015/03/6242751461_2a74cf4f29_z.jpg]
[direct-air.themewoop.com/wp-content/uploads/2015/03/6242751461_2a74cf4f29_z-300x200.jpg]
[direct-air.themewoop.com/my-directory/air]
[direct-air.themewoop.com/directory/cellarium-cafe/index.html]
[direct-air.themewoop.com/my-directory/air/index.html]
[direct-air.themewoop.com/directory/caffe-nero/feed/index.html]
[direct-air.themewoop.com/wp-content/uploads/2015/03/unit_16a_-_caffe_nero-548x313.jpg]
[direct-air.themewoop.com/index5cfa.html]
[direct-air.themewoop.com/wp-content/uploads/2015/03/440698504_0c8e1a15aa_z-300x180.jpg]
[direct-air.themewoop.com/directory-category/restaurant/index64ce.html]
[direct-air.themewoop.com/directory-category/restaurant/index5aa7.html]
[direct-air.themewoop.com/directory-category/restaurant/index7945.html]
[direct-air.themewoop.com/directory-category/restaurant/index290e.html]
[direct-air.themewoop.com/wp-content/uploads/2015/03/unit_16a_-_caffe_nero-300x200.jpg]
[direct-air.themewoop.com/directory-category/restaurant/indexc2e0.html]
[direct-air.themewoop.com/directory-category/restaurant/index4986.html]
[direct-air.themewoop.com/wp-content/uploads/2015/03/Starbuck-safe-15920178-2560-1703-300x200.jpg]
[direct-air.themewoop.com/directory-category/restaurant/index0eba.html]
[direct-air.themewoop.com/wp-content/uploads/2015/03/EOZpjI3oSqKPNnF2S4Tp_Untitled-300x200.jpg]
[direct-air.themewoop.com/wp-content/uploads/2015/03/slide2-300x139.jpg]
[direct-air.themewoop.com/wp-content/uploads/2015/03/Cafe-e-Cucina_6-300x225.jpg]
[direct-air.themewoop.com/wp-content/uploads/2015/03/140973206954-300x200.jpg]
[direct-air.themewoop.com/directory/caffe-nero/index.html]
[direct-air.themewoop.com/directory/caffe-nero/index8e42.html]
[direct-air.themewoop.com/directory/caffe-nero/indexfc06.html]
[direct-air.themewoop.com/wp-content/uploads/2015/03/7411658554_a21d7c35d6_z-755x365.jpg]
[direct-air.themewoop.com/directory/caffe-nero/index267f.html]
[direct-air.themewoop.com/directory/caffe-nero/index41b7.html]
[direct-air.themewoop.com/wp-content/uploads/2015/03/9857296234_79b8a792a5_b-755x365.jpg]
[direct-air.themewoop.com/directory/caffe-nero/index94a5.html]
[direct-air.themewoop.com/directory/caffe-nero/index6944.html]
[direct-air.themewoop.com/wp-content/uploads/2015/03/16265282862_52425507e2_k-755x365.jpg]
[direct-air.themewoop.com/blog/index.html]
[direct-air.themewoop.com/blog/feed/index.html]
[direct-air.themewoop.com/index146c.html]
[direct-air.themewoop.com/plan-pricing/index.html]
[direct-air.themewoop.com/plan-pricing/feed/index.html]
[direct-air.themewoop.com/index64b4.html]
[direct-air.themewoop.com/submit-directory/index.html]
[direct-air.themewoop.com/wp-content/uploads/2015/03/full_guoman_lounge._18579-548x313.jpg]
[direct-air.themewoop.com/directory/gouman-restaurant/feed/index.html]
[direct.themewoop.com/wp-content/uploads/2015/03/15825267632_9d5cb8a902_z.7f.delayed]
[direct-air.themewoop.com/indexcf9a.html]
[direct-air.themewoop.com/directory-category/restaurant/index4646.html]
[direct-air.themewoop.com/wp-content/uploads/2015/03/15825267632_9d5cb8a902_z-300x188.jpg]
[direct-air.themewoop.com/directory-category/restaurant/indexea08.html]
[direct-air.themewoop.com/directory/gouman-restaurant/index.html]
[direct-air.themewoop.com/directory-category/restaurant/index9d2f.html]
[direct-air.themewoop.com/directory-category/restaurant/index2052.html]
[direct-air.themewoop.com/wp-content/uploads/2015/03/2-ststephenstavern-9-548x313.jpg]
[direct-air.themewoop.com/directory-category/restaurant/indexc6b3.html]
[direct-air.themewoop.com/directory/st-stephens-tavern-pub/feed/index.html]
[direct-air.themewoop.com/indexe1a1.html]
[direct.themewoop.com/wp-content/uploads/2015/03/4385732951_fd0542c2cf_z.jpg]
[direct-air.themewoop.com/wp-content/uploads/2015/03/4385732951_fd0542c2cf_z-300x200.jpg]
[direct.themewoop.com/wp-content/uploads/2015/03/3590576915_862af7f450_z.jpg]
[direct-air.themewoop.com/wp-content/uploads/2015/03/3590576915_862af7f450_z-300x199.jpg]
[direct-air.themewoop.com/directory/st-stephens-tavern-pub/index.html]
[direct-air.themewoop.com/wp-content/uploads/2015/03/8029992599_e2d67f2425_z-548x313.jpg]
[direct-air.themewoop.com/directory/dali-cafe/feed/index.html]
[direct-air.themewoop.com/indexe539.html]
[direct-air.themewoop.com/my-directory/kylejames]
[direct-air.themewoop.com/directory/dali-cafe/index.html]
[direct-air.themewoop.com/my-directory/kylejames/index.html]
[direct-air.themewoop.com/wp-content/uploads/2015/03/3916046921_eca1902728_z-548x313.jpg]
[direct-air.themewoop.com/directory/tattershall-castle/feed/index.html]
[direct-air.themewoop.com/directory/tattershall-castle/index.html]
[direct-air.themewoop.com/index6f72.html]
[direct-air.themewoop.com/wp-content/uploads/2015/03/4397246022_2e12429ee2_z-548x313.jpg]
[direct-air.themewoop.com/directory/cucina-cafe-bar-restaurant/feed/index.html]
[direct-air.themewoop.com/directory/cucina-cafe-bar-restaurant/index.html]
[direct-air.themewoop.com/index5d38.html]
[direct-air.themewoop.com/directory/cucina-cafe-bar-restaurant/index21b4.html]
[direct-air.themewoop.com/directory/london-aquarium-cafe/feed/index.html]
[direct-air.themewoop.com/wp-content/uploads/2015/03/SLLA-2-548x313.jpg]
[direct-air.themewoop.com/directory/london-aquarium-cafe/index.html]
[direct-air.themewoop.com/my-account.html]
[direct-air.themewoop.com/cart/index9f38.html]
[direct-air.themewoop.com/cart/index3e8c.html]
[direct-air.themewoop.com/2015/03/16/take-me-out-of-country/index.html]
[direct-air.themewoop.com/index8ed7.html]
[direct-air.themewoop.com/2015/03/16/food-in-united-kingdom/index.html]
[direct-air.themewoop.com/2015/03/16/take-me-out-of-country/feed/index.html]
[direct-air.themewoop.com/index2586.html]
[direct-air.themewoop.com/2015/03/16/food-in-united-kingdom/feed/index.html]
[direct-air.themewoop.com/2015/03/16/london-in-our-heart/index.html]
[direct-air.themewoop.com/indexccf8.html]
[direct-air.themewoop.com/blog.html]
[direct-air.themewoop.com/2015/03/16/london-in-our-heart/feed/index.html]
[direct-air.themewoop.com/vxeg/indexc2b6.html]
[direct-air.themewoop.com/membership-account/index.html]
[direct-air.themewoop.com/wp-content/themes/direct/js/vendor/jquery.flexslider.js]
[direct-air.themewoop.com/indexb50d.html]
[direct-air.themewoop.com/membership-account/membership-levels/index.html]
[maps.gstatic.com/intl/en_us/mapfiles/iw_close.gif]
[direct-air.themewoop.com/wp-content/themes/direct/js/vendor/infobubble661b.js]
[direct-air.themewoop.com/wp-content/themes/direct/js/vendor/map-icons53cf.js]
[direct-air.themewoop.com/wp-content/themes/direct/js/map-init.js]
[direct-air.themewoop.com/wp-content/themes/direct/js/vendor/fancySelect2fca.js]
[direct-air.themewoop.com/wp-content/themes/direct/js/vendor/owl.carousel001e.js]
[direct-air.themewoop.com/wp-content/themes/direct/js/vendor/wow.js]
[direct-air.themewoop.com/wp-content/themes/direct/js/vendor/perfect-scrollbar.js]
[direct-air.themewoop.com/wp-content/themes/direct/js/vendor/bootstrap-rating-input.js]
[direct-air.themewoop.com/wp-content/themes/direct/js/vendor/masonry.pkgd.js]
[direct-air.themewoop.com/wp-content/themes/direct/js/vendor/imagesloaded.pkgd.js]
[direct-air.themewoop.com/wp-content/themes/direct/js/vendor/nprogress.js]
[direct-air.themewoop.com/wp-content/themes/direct/js/vendor/bootstrap-switch.js]
[direct-air.themewoop.com/wp-content/themes/direct/js/vendor/imagelightbox.js]
[direct-air.themewoop.com/wp-content/themes/direct/js/main8a54.js]
[direct-air.themewoop.com/HEAD.8d.delayed]
[direct-air.themewoop.com/wp-content/themes/direct/js/vendor/retina6f3e.js]
[direct-air.themewoop.com/wp-content/themes/direct/js/navigation11a8.js]
[direct-air.themewoop.com/wp-content/themes/direct/js/skip-link-focus-fix08e0.js]
[direct-air.themewoop.com/wp-includes/js/comment-reply.min4189.js]
[direct-air.themewoop.com/wp-content/themes/direct/fonts/glyphicons-halflings-regular.svg]
[direct-air.themewoop.com/wp-content/themes/direct/fonts/fontawesome-webfonte0a5.svg]
[direct-air.themewoop.com/wp-content/themes/direct/fonts/map-icons.svg]
[direct-air.themewoop.com/GET.html]
[direct-air.themewoop.com/Popover requires tooltip.html]
[direct-air.themewoop.com/wp-content/uploads/2015/03/Starbuck-safe-15920178-2560-1703-548x313.jpg]
[direct-air.themewoop.com/directory/starbucks/feed/index.html]
[direct-air.themewoop.com/index648c.html]
[direct-air.themewoop.com/directory-category/foodies/index64ce.html]
[direct-air.themewoop.com/directory-category/foodies/index5aa7.html]
[direct-air.themewoop.com/wp-content/uploads/2015/03/SLLA-2-300x150.jpg]
[direct-air.themewoop.com/directory-category/foodies/index4646.html]
[direct-air.themewoop.com/directory/starbucks/index.html]
[direct-air.themewoop.com/directory-category/foodies/indexea08.html]
[direct-air.themewoop.com/directory-category/foodies/index290e.html]
[direct-air.themewoop.com/directory-category/foodies/index7945.html]
[direct-air.themewoop.com/wp-content/uploads/2015/03/EOZpjI3oSqKPNnF2S4Tp_Untitled-548x313.jpg]
[direct-air.themewoop.com/directory-category/foodies/index9d2f.html]
[direct-air.themewoop.com/directory-category/foodies/indexc2e0.html]
[direct-air.themewoop.com/directory-category/foodies/index4986.html]
[direct-air.themewoop.com/directory-category/foodies/index2052.html]
[direct.themewoop.com/wp-content/uploads/2015/03/unnfdhdfhamed.jpg]
[direct-air.themewoop.com/directory-category/foodies/index0eba.html]
[direct-air.themewoop.com/wp-content/uploads/2015/03/unnfdhdfhamed-300x168.jpg]
[direct-air.themewoop.com/directory-category/foodies/indexc6b3.html]
[direct-air.themewoop.com/directory/switchroom-cafeteria/feed/index.html]
[direct.themewoop.com/wp-content/uploads/2015/03/unnamed.jpg]
[direct-air.themewoop.com/index735a.html]
[direct-air.themewoop.com/wp-content/uploads/2015/03/unnamed-300x225.jpg]
[direct.themewoop.com/wp-content/uploads/2015/03/unnamdgsged.jpg]
[direct-air.themewoop.com/wp-content/uploads/2015/03/unnamdgsged-300x300.jpg]
[direct-air.themewoop.com/directory/switchroom-cafeteria/index.html]
[direct-air.themewoop.com/directory/switchroom-cafeteria/index0e22.html]
[direct-air.themewoop.com/directory/cellarium-cafe/feed/index.html]
[direct-air.themewoop.com/index6cd9.html]
[direct-air.themewoop.com/directory-category/coffee-lounge/index64ce.html]
[direct-air.themewoop.com/directory-category/coffee-lounge/index290e.html]
[direct-air.themewoop.com/directory-category/coffee-lounge/index7945.html]
[direct-air.themewoop.com/directory-category/coffee-lounge/index9d2f.html]
[direct-air.themewoop.com/directory-category/coffee-lounge/index0eba.html]
[direct-air.themewoop.com/directory-category/coffee-lounge/indexc6b3.html]
[direct-air.themewoop.com/my-directory/air/index.html]
[direct-air.themewoop.com/directory/switchroom-cafeteria/index3094.html]
[direct-air.themewoop.com/directory/caffe-nero/feed/index.html]
[direct-air.themewoop.com/my-directory/feed/index.html]
[direct-air.themewoop.com/index5cfa.html]
[direct-air.themewoop.com/my-directory/index.html]
[direct-air.themewoop.com/indexa80c.html]
[direct-air.themewoop.com/directory-category/restaurant/index64ce.html]
[direct-air.themewoop.com/directory-category/restaurant/index5aa7.html]
[direct-air.themewoop.com/directory-category/restaurant/index290e.html]
[direct-air.themewoop.com/directory-category/restaurant/index7945.html]
[direct-air.themewoop.com/directory-category/restaurant/indexc2e0.html]
[direct-air.themewoop.com/directory-category/restaurant/index4986.html]
[direct-air.themewoop.com/directory-category/restaurant/index0eba.html]
[direct-air.themewoop.com/directory/caffe-nero/index8e42.html]
[direct-air.themewoop.com/directory/caffe-nero/indexfc06.html]
[direct-air.themewoop.com/directory/caffe-nero/index267f.html]
[direct-air.themewoop.com/directory/caffe-nero/index41b7.html]
[direct-air.themewoop.com/directory/caffe-nero/index94a5.html]
[direct-air.themewoop.com/directory/caffe-nero/index6944.html]
[direct-air.themewoop.com/index146c.html]
[direct-air.themewoop.com/index64b4.html]
[direct-air.themewoop.com/directory/gouman-restaurant/feed/index.html]
[direct-air.themewoop.com/indexcf9a.html]
[direct-air.themewoop.com/my-directory/air/page/2/index.html]
[direct-air.themewoop.com/directory-category/restaurant/index4646.html]
[direct-air.themewoop.com/directory-category/restaurant/indexea08.html]
[direct-air.themewoop.com/directory-category/restaurant/index9d2f.html]
[direct-air.themewoop.com/directory-category/restaurant/index2052.html]
[direct-air.themewoop.com/directory-category/restaurant/indexc6b3.html]
[direct-air.themewoop.com/directory/st-stephens-tavern-pub/feed/index.html]
[direct-air.themewoop.com/indexe1a1.html]
[direct-air.themewoop.com/directory/dali-cafe/feed/index.html]
[direct-air.themewoop.com/indexe539.html]
[direct-air.themewoop.com/my-directory/kylejames/index.html]
[direct-air.themewoop.com/directory/tattershall-castle/feed/index.html]
[direct-air.themewoop.com/index6f72.html]
[www.thetattershallcastle.co.uk/assets/images/on-board.html]
[direct-air.themewoop.com/directory/cucina-cafe-bar-restaurant/feed/index.html]
[direct-air.themewoop.com/index5d38.html]
[direct-air.themewoop.com/directory/cucina-cafe-bar-restaurant/index21b4.html]
[direct-air.themewoop.com/directory/london-aquarium-cafe/feed/index.html]
[direct-air.themewoop.com/index8ed7.html]
[direct-air.themewoop.com/index2586.html]
[direct-air.themewoop.com/indexccf8.html]
[direct-air.themewoop.com/indexb50d.html]
[direct-air.themewoop.com/membership-account/membership-levels/index.html]
[direct-air.themewoop.com/index17d3.html]
[direct-air.themewoop.com/HEAD.html]
[direct-air.themewoop.com/membership-account/membership-checkout/index7e60.html]
[direct-air.themewoop.com/directory/starbucks/feed/index.html]
[direct-air.themewoop.com/index648c.html]
[direct-air.themewoop.com/directory-category/foodies/index64ce.html]
[direct-air.themewoop.com/directory-category/foodies/index4646.html]
[direct-air.themewoop.com/directory-category/foodies/index5aa7.html]
[direct-air.themewoop.com/directory-category/foodies/index290e.html]
[direct-air.themewoop.com/directory-category/foodies/indexea08.html]
[direct-air.themewoop.com/directory-category/foodies/index7945.html]
[direct-air.themewoop.com/directory-category/foodies/index9d2f.html]
[direct-air.themewoop.com/directory-category/foodies/indexc2e0.html]
[direct-air.themewoop.com/directory-category/foodies/index4986.html]
[direct-air.themewoop.com/membership-account/membership-checkout/index6435.html]
[direct-air.themewoop.com/directory-category/foodies/index2052.html]
[direct-air.themewoop.com/membership-account/membership-checkout/index7054.html]
[direct-air.themewoop.com/directory-category/foodies/index0eba.html]
[direct-air.themewoop.com/directory-category/foodies/indexc6b3.html]
[direct-air.themewoop.com/directory/switchroom-cafeteria/feed/index.html]
[direct-air.themewoop.com/index735a.html]
[direct-air.themewoop.com/directory/switchroom-cafeteria/index0e22.html]
[direct-air.themewoop.com/directory/switchroom-cafeteria/index3094.html]
[direct-air.themewoop.com/my-directory/feed/index.html]
[direct-air.themewoop.com/my-directory/index.html]
[direct-air.themewoop.com/indexa80c.html]
[direct-air.themewoop.com/my-directory/air/page/2/index.html]
[direct-air.themewoop.com/index17d3.html]
[direct-air.themewoop.com/my-directory/air/page/1/index.html]
[direct-air.themewoop.com/wp-content/plugins/paid-memberships-pro/js/jquery.creditCardValidator4189.js]
[direct-air.themewoop.com/membership-account/membership-checkout/index7e60.html]
[direct-air.themewoop.com/wp-content/plugins/paid-memberships-pro/pages/popup-cvv.html]
[direct-air.themewoop.com/membership-account/membership-checkout/index6435.html]
[direct-air.themewoop.com/indexb8c6.html]
[direct-air.themewoop.com/membership-account/membership-checkout/index.html]
[direct-air.themewoop.com/membership-account/membership-checkout/index7054.html]
[direct-air.themewoop.com/vxeg/indexdfeb.html]
[direct-air.themewoop.com/my-directory/air/page/1/index.html]
[direct-air.themewoop.com/vxeg/index20a9.html]
[direct.local/wp-content/uploads/2015/03/15825302012_5fb39636c9_z.jpg]
[direct.local/wp-content/uploads/2015/03/15800085646_cb0ffcf6ce_z.jpg]
[direct.local/wp-content/uploads/2015/03/15637909759_4421326c31_z.jpg]
[direct.local/wp-content/uploads/2015/03/8110122610_59ee6bc199_z.jpg]
[direct.local/wp-content/uploads/2015/03/15637897079_6e797f3ab6_z.jpg]
[direct.local/wp-content/uploads/2015/03/4385732951_fd0542c2cf_z.jpg]
[direct.local/wp-content/uploads/2015/03/2101787359_76636f182a_z.jpg]
[direct-air.themewoop.com/wp-content/plugins/paid-memberships-pro/js/jquery.creditCardValidator4189.js]
[direct-air.themewoop.com/membership-account/membership-checkout/index.html]
[direct-air.themewoop.com/indexb8c6.html]
[direct-air.themewoop.com/vxeg/indexdfeb.html]
[direct-air.themewoop.com/vxeg/index0d31.html]
[direct-air.themewoop.com/wp-content/plugins/paid-memberships-pro/images/CCV-back.jpg]
[direct-air.themewoop.com/wp-content/plugins/paid-memberships-pro/images/CCV-front.jpg]
[direct-air.themewoop.com/wp-content/plugins/paid-memberships-pro/pages/popup-cvv.html]
[direct-air.themewoop.com/vxeg/index20a9.html]
[direct-air.themewoop.com/vxeg/index0d31.html]
[direct.local/wp-content/uploads/2015/03/15637897079_8da82b4513_o.jpg]
